[Thu May 14 11:35:25 2026] SERVIDOR: Sistema iniciado y escuchando peticiones.
[Thu May 14 11:35:27 2026] SERVIDOR: Sistema iniciado y escuchando peticiones.
[Thu May 14 11:35:43 2026] SERVIDOR: Sistema iniciado y escuchando peticiones.
[Thu May 14 11:37:58 2026] SERVIDOR: Sistema iniciado y escuchando peticiones.
[Thu May 14 11:41:18 2026] SERVIDOR: Sistema iniciado y escuchando peticiones.
[Thu May 14 11:45:50 2026] SERVIDOR: Sistema iniciado y escuchando peticiones.
[Thu May 14 11:46:10 2026] SERVIDOR: Sistema iniciado y escuchando peticiones.
[Sun May 17 13:53:47 2026] SERVIDOR: Sistema iniciado y escuchando peticiones.
[Sun May 17 14:23:48 2026] SERVIDOR: Sistema iniciado y escuchando peticiones.
[Sun May 17 14:28:17 2026] SERVIDOR: Sistema iniciado y escuchando peticiones.
[Sun May 17 14:28:31 2026] SERVIDOR: Sistema iniciado y escuchando peticiones.
[Sun May 17 14:39:22 2026] SERVIDOR: Sistema iniciado y escuchando peticiones.
[Sun May 17 14:39:31 2026] SERVIDOR: Sistema iniciado y escuchando peticiones.
[Sun May 17 14:52:01 2026] SERVIDOR: Sistema iniciado y escuchando peticiones.
[Sun May 17 14:56:22 2026] SERVIDOR: Sistema iniciado y escuchando peticiones.
[Sun May 17 15:00:23 2026] SERVIDOR: Sistema iniciado y escuchando peticiones.
[Sun May 17 15:00:41 2026] CONEXIÓN: Un cliente se ha conectado.
[Sun May 17 15:01:44 2026] CONEXIÓN: Cliente desconectado.
[Sun May 17 15:05:47 2026] CONEXIÓN: Un cliente se ha conectado.
[Sun May 17 15:35:09 2026] CONEXIÓN: Cliente desconectado.
[Sun May 17 15:35:15 2026] CONEXIÓN: Un cliente se ha conectado.
[Sun May 17 15:39:53 2026] CONEXIÓN: Cliente desconectado.
[Tue May 19 10:07:09 2026] SERVIDOR: Sistema iniciado y escuchando peticiones.
[Tue May 19 10:23:25 2026] SERVIDOR: Sistema iniciado y escuchando peticiones.
[Tue May 19 10:26:06 2026] SERVIDOR: Sistema iniciado y escuchando peticiones.
[Tue May 19 10:26:33 2026] SERVIDOR: Sistema iniciado y escuchando peticiones.
[Tue May 19 10:30:50 2026] SERVIDOR: Sistema iniciado y escuchando peticiones.
[Tue May 19 10:40:25 2026] SERVIDOR: Sistema iniciado y escuchando peticiones.
[Tue May 19 10:40:40 2026] CONEXIÓN: Un cliente se ha conectado.
[Tue May 19 10:42:00 2026] OPERACIÓN: Login.
[Tue May 19 10:42:27 2026] OPERACIÓN: Login.
[Tue May 19 10:42:48 2026] CONEXIÓN: Cliente pidió salir.
[Tue May 19 10:53:42 2026] SERVIDOR: Sistema iniciado y escuchando peticiones.
[Tue May 19 11:08:29 2026] SERVIDOR: Sistema iniciado y escuchando peticiones.
[Tue May 19 11:09:41 2026] CONEXIÓN: Un cliente se ha conectado.
[Tue May 19 11:10:02 2026] CONEXIÓN: Cliente pidió salir.
