[Wed May 20 13:57:18 2026] SERVIDOR: Sistema iniciado y escuchando peticiones.
[Wed May 20 14:00:25 2026] SERVIDOR: Sistema iniciado y escuchando peticiones.
[Wed May 20 14:05:38 2026] SERVIDOR: Sistema iniciado y escuchando peticiones.
[Wed May 20 14:05:54 2026] SERVIDOR: Sistema iniciado y escuchando peticiones.
[Wed May 20 14:09:27 2026] SERVIDOR: Sistema iniciado y escuchando peticiones.
[Wed May 20 14:10:53 2026] SERVIDOR: Sistema iniciado y escuchando peticiones.
[Wed May 20 14:13:02 2026] CONEXIÓN: Un cliente se ha conectado.
[Wed May 20 14:13:16 2026] CONEXIÓN: Cliente pidió salir.
[Wed May 20 14:21:04 2026] SERVIDOR: Sistema iniciado y escuchando peticiones.
[Wed May 20 14:22:09 2026] CONEXIÓN: Un cliente se ha conectado.
[Wed May 20 14:22:15 2026] CONEXIÓN: Cliente desconectado.
[Wed May 20 16:06:26 2026] SERVIDOR: Sistema iniciado y escuchando peticiones.
[Wed May 20 16:07:19 2026] CONEXIÓN: Un cliente se ha conectado.
[Wed May 20 16:07:29 2026] CONEXIÓN: Cliente desconectado.
[Wed May 20 15:17:42 2026] SERVIDOR: Sistema iniciado y escuchando peticiones.
[Wed May 20 15:19:19 2026] SERVIDOR: Sistema iniciado y escuchando peticiones.
[Wed May 20 15:20:10 2026] CONEXIÓN: Un cliente se ha conectado.
[Wed May 20 15:20:28 2026] OPERACIÓN: Intento de Login.
[Wed May 20 15:20:28 2026] LOGIN: Acceso denegado.
[Wed May 20 15:20:37 2026] OPERACIÓN: Intento de Login.
[Wed May 20 15:20:37 2026] LOGIN: Acceso correcto.
[Wed May 20 15:20:59 2026] OPERACION: Consulta de Saldo.
[Wed May 20 15:21:26 2026] OPERACIÓN: Transferencia.
[Wed May 20 15:21:41 2026] OPERACIÓN: Historial.
[Wed May 20 15:21:58 2026] OPERACIÓN: Depósito.
[Wed May 20 15:21:58 2026] DEPOSITO realizado con exito.
[Wed May 20 15:22:11 2026] OPERACION: Consulta de Saldo.
[Wed May 20 15:22:26 2026] OPERACIÓN: Historial.
[Wed May 20 15:22:52 2026] CONEXIÓN: Cliente pidió salir.
[Wed May 20 16:03:22 2026] SERVIDOR: Sistema iniciado y escuchando peticiones.
[Wed May 20 16:03:57 2026] CONEXIÓN: Un cliente se ha conectado.
[Wed May 20 16:04:06 2026] OPERACIÓN: Intento de Login.
[Wed May 20 16:04:06 2026] LOGIN: Acceso correcto.
[Wed May 20 16:04:56 2026] OPERACIÓN: Transferencia.
[Wed May 20 16:05:17 2026] OPERACION: Consulta de Saldo.
[Wed May 20 16:05:39 2026] OPERACIÓN: Transferencia.
[Wed May 20 16:05:39 2026] TRANSFERENCIA realizada con exito.
[Wed May 20 16:05:52 2026] OPERACIÓN: Historial.
[Wed May 20 16:06:05 2026] OPERACION: Consulta de Saldo.
[Wed May 20 16:06:22 2026] OPERACIÓN: Intento de Login.
[Wed May 20 16:06:22 2026] LOGIN: Acceso correcto.
[Wed May 20 16:07:15 2026] OPERACIÓN: Transferencia.
[Wed May 20 16:07:15 2026] TRANSFERENCIA realizada con exito.
[Wed May 20 16:07:29 2026] OPERACION: Consulta de Saldo.
[Wed May 20 16:07:45 2026] OPERACIÓN: Intento de Login.
[Wed May 20 16:07:45 2026] LOGIN: Acceso correcto.
[Wed May 20 16:10:52 2026] OPERACIÓN: Depósito.
[Wed May 20 16:10:52 2026] DEPOSITO realizado con exito.
[Wed May 20 16:11:03 2026] OPERACION: Consulta de Saldo.
[Wed May 20 16:11:20 2026] OPERACIÓN: Intento de Login.
[Wed May 20 16:11:20 2026] LOGIN: Acceso correcto.
[Wed May 20 16:11:43 2026] OPERACIÓN: Depósito.
[Wed May 20 16:11:43 2026] DEPOSITO realizado con exito.
[Wed May 20 16:11:56 2026] OPERACION: Consulta de Saldo.
[Wed May 20 16:18:22 2026] SERVIDOR: Sistema iniciado y escuchando peticiones.
[Wed May 20 16:19:01 2026] CONEXIÓN: Un cliente se ha conectado.
[Wed May 20 16:19:09 2026] OPERACIÓN: Intento de Login.
[Wed May 20 16:19:09 2026] LOGIN: Acceso correcto.
[Wed May 20 16:19:17 2026] OPERACION: Consulta de Saldo.
[Wed May 20 16:19:46 2026] OPERACIÓN: Intento de Login.
[Wed May 20 16:19:46 2026] LOGIN: Acceso correcto.
[Wed May 20 16:19:57 2026] OPERACION: Consulta de Saldo.
[Wed May 20 16:20:04 2026] OPERACIÓN: Intento de Login.
[Wed May 20 16:20:04 2026] LOGIN: Acceso correcto.
[Wed May 20 16:20:16 2026] OPERACION: Consulta de Saldo.
[Wed May 20 16:20:34 2026] OPERACIÓN: Transferencia.
[Wed May 20 16:20:34 2026] TRANSFERENCIA realizada con exito.
[Wed May 20 16:20:44 2026] OPERACIÓN: Intento de Login.
[Wed May 20 16:20:44 2026] LOGIN: Acceso correcto.
[Wed May 20 16:20:56 2026] OPERACION: Consulta de Saldo.
[Wed May 20 16:21:00 2026] CONEXIÓN: Cliente pidió salir.
[Wed May 20 19:17:23 2026] SERVIDOR: Sistema iniciado y escuchando peticiones.
[Wed May 20 19:17:38 2026] CONEXIÓN: Un cliente se ha conectado.
[Wed May 20 19:17:55 2026] OPERACIÓN: Registro de nuevo usuario y cuenta.
[Wed May 20 19:17:55 2026] REGISTRO: Usuario y cuenta creados con éxito.
[Wed May 20 19:18:03 2026] OPERACION: Consulta de Saldo.
[Wed May 20 19:21:16 2026] CONEXIÓN: Cliente desconectado.
[Wed May 20 19:21:57 2026] SERVIDOR: Sistema iniciado y escuchando peticiones.
[Wed May 20 19:22:09 2026] CONEXIÓN: Un cliente se ha conectado.
[Wed May 20 19:22:26 2026] OPERACIÓN: Intento de Login.
[Wed May 20 19:22:26 2026] LOGIN: Acceso correcto. Cuenta enviada.
[Wed May 20 19:22:30 2026] OPERACION: Consulta de Saldo.
[Wed May 20 19:23:04 2026] OPERACIÓN: Depósito.
[Wed May 20 19:23:04 2026] DEPOSITO realizado con exito.
[Wed May 20 19:29:18 2026] CONEXIÓN: Cliente desconectado.
[Wed May 20 19:29:27 2026] SERVIDOR: Sistema iniciado y escuchando peticiones.
[Wed May 20 19:29:47 2026] CONEXIÓN: Un cliente se ha conectado.
[Wed May 20 19:29:53 2026] OPERACIÓN: Intento de Login.
[Wed May 20 19:29:53 2026] LOGIN: Acceso correcto. Cuenta enviada.
[Wed May 20 19:29:58 2026] OPERACION: Consulta de Saldo.
[Wed May 20 19:30:05 2026] OPERACIÓN: Consulta de Historial Único.
[Wed May 20 19:30:27 2026] OPERACIÓN: Transferencia.
[Wed May 20 19:30:27 2026] TRANSFERENCIA realizada con exito.
[Wed May 20 19:30:29 2026] OPERACION: Consulta de Saldo.
[Wed May 20 19:30:32 2026] OPERACIÓN: Consulta de Historial Único.
[Wed May 20 19:31:06 2026] CONEXIÓN: Cliente desconectado.
[Wed May 20 19:31:17 2026] SERVIDOR: Sistema iniciado y escuchando peticiones.
[Wed May 20 19:31:35 2026] CONEXIÓN: Un cliente se ha conectado.
[Wed May 20 19:31:44 2026] OPERACIÓN: Intento de Login.
[Wed May 20 19:31:44 2026] LOGIN: Acceso correcto. Cuenta enviada.
[Wed May 20 19:31:46 2026] OPERACION: Consulta de Saldo.
[Wed May 20 19:32:06 2026] OPERACIÓN: Transferencia.
[Wed May 20 19:32:06 2026] TRANSFERENCIA realizada con exito.
[Wed May 20 19:32:14 2026] OPERACION: Consulta de Saldo.
[Wed May 20 19:32:20 2026] OPERACIÓN: Consulta de Historial Único.
[Wed May 20 19:34:08 2026] CONEXIÓN: Cliente desconectado.
[Wed May 20 19:34:17 2026] SERVIDOR: Sistema iniciado y escuchando peticiones.
[Wed May 20 19:34:23 2026] CONEXIÓN: Un cliente se ha conectado.
[Wed May 20 19:34:53 2026] OPERACIÓN: Intento de Login.
[Wed May 20 19:34:53 2026] LOGIN: Acceso correcto. Cuenta enviada.
[Wed May 20 19:35:11 2026] OPERACIÓN: Depósito.
[Wed May 20 19:35:13 2026] OPERACION: Consulta de Saldo.
[Wed May 20 19:38:17 2026] CONEXIÓN: Cliente desconectado.
[Wed May 20 19:38:25 2026] SERVIDOR: Sistema iniciado y escuchando peticiones.
[Wed May 20 19:38:44 2026] CONEXIÓN: Un cliente se ha conectado.
[Wed May 20 19:38:55 2026] OPERACIÓN: Intento de Login.
[Wed May 20 19:38:55 2026] LOGIN: Acceso correcto. Cuenta enviada.
[Wed May 20 19:39:02 2026] OPERACION: Consulta de Saldo.
[Wed May 20 19:39:08 2026] OPERACIÓN: Consulta de Historial Único.
[Wed May 20 19:39:15 2026] OPERACIÓN: Depósito.
[Wed May 20 19:39:15 2026] DEPOSITO realizado con exito.
[Wed May 20 19:39:16 2026] OPERACIÓN: Consulta de Historial Único.
[Wed May 20 19:39:36 2026] OPERACIÓN: Retiro.
[Wed May 20 19:39:36 2026] RETIRO realizado con exito.
[Wed May 20 19:39:39 2026] OPERACIÓN: Consulta de Historial Único.
[Wed May 20 19:42:09 2026] CONEXIÓN: Cliente desconectado.
[Wed May 20 19:42:18 2026] SERVIDOR: Sistema iniciado y escuchando peticiones.
[Wed May 20 19:42:36 2026] CONEXIÓN: Un cliente se ha conectado.
[Wed May 20 19:42:49 2026] OPERACIÓN: Intento de Login.
[Wed May 20 19:42:49 2026] LOGIN: Acceso correcto. Cuenta enviada.
[Wed May 20 19:42:55 2026] OPERACIÓN: Consulta de Historial Único.
[Wed May 20 19:44:06 2026] OPERACIÓN: Registro de nuevo usuario y cuenta.
[Wed May 20 19:44:06 2026] REGISTRO: Usuario y cuenta creados con éxito.
[Wed May 20 19:44:26 2026] OPERACIÓN: Intento de Login.
[Wed May 20 19:44:26 2026] LOGIN: Acceso correcto. Cuenta enviada.
[Wed May 20 19:45:03 2026] SERVIDOR: Sistema iniciado y escuchando peticiones.
[Wed May 20 19:45:23 2026] CONEXIÓN: Un cliente se ha conectado.
[Wed May 20 19:45:54 2026] OPERACIÓN: Registro de nuevo usuario y cuenta.
[Wed May 20 19:45:54 2026] REGISTRO: Usuario y cuenta creados con éxito.
[Wed May 20 19:46:12 2026] OPERACIÓN: Intento de Login.
[Wed May 20 19:46:12 2026] LOGIN: Acceso correcto. Cuenta enviada.
[Wed May 20 19:46:20 2026] CONEXIÓN: Cliente desconectado.
[Wed May 20 19:48:06 2026] SERVIDOR: Sistema iniciado y escuchando peticiones.
[Wed May 20 19:48:19 2026] SERVIDOR: Sistema iniciado y escuchando peticiones.
[Wed May 20 19:48:21 2026] SERVIDOR: Sistema iniciado y escuchando peticiones.
[Wed May 20 19:49:22 2026] SERVIDOR: Sistema iniciado y escuchando peticiones.
[Wed May 20 19:49:27 2026] CONEXIÓN: Un cliente se ha conectado.
[Wed May 20 19:49:35 2026] OPERACIÓN: Intento de Login.
[Wed May 20 19:49:35 2026] LOGIN: Acceso correcto. Cuenta enviada.
[Wed May 20 19:49:39 2026] OPERACION: Consulta de Saldo.
[Wed May 20 19:49:45 2026] CONEXIÓN: Cliente desconectado.
